[www.pixithq.com/index.html]
[backblue.gif]
[fade.gif]
[index.html]
[assets.website-files.com/5fe22b52285ac81c0bafbab6/css/pixit.c291ede1a.css]
[ajax.googleapis.com/ajax/libs/webfont/1.6.26/webfont.js]
[assets.website-files.com/5fe22b52285ac81c0bafbab6/60469508031effd0daa580d3_favicon-32x32.png]
[assets.website-files.com/img/webclip.png]
[js.hs-scripts.com/604681.js]
[assets.website-files.com/5fe22b52285ac81c0bafbab6/60107f9133a56be65019ead7_logo@2x.png]
[www.pixithq.com/pricing.html]
[www.pixithq.com/contact.html]
[www.pixithq.com/blog.html]
[assets.website-files.com/5fe22b52285ac81c0bafbab6/5ffc9cab3a31d5b2dc5c5349_hero-image-1.png]
[assets.website-files.com/5fe22b52285ac81c0bafbab6/5fe36c02d9fe494183eee738_mlse-logo.png]
[assets.website-files.com/5fe22b52285ac81c0bafbab6/5fe36c02a0a61649ed2d778c_sundance-logo.png]
[assets.website-files.com/5fe22b52285ac81c0bafbab6/5fe36bfeb3d503e38daba7bc_fairmont-logo.png]
[assets.website-files.com/5fe22b52285ac81c0bafbab6/5fe36bfe0d8e2000823ec773_asm-logo.png]
[assets.website-files.com/5fe22b52285ac81c0bafbab6/5fe36c006833712fdba38604_lollapalooza-logo.png]
[assets.website-files.com/5fe22b52285ac81c0bafbab6/5fe36c042cb0f4c5048d07a6_virginiatech-logo.png]
[assets.website-files.com/5fe22b52285ac81c0bafbab6/5ff4c4f461aef5dfac480645_lf-ui-home@3x.png]
[assets.website-files.com/5fe22b52285ac81c0bafbab6/5ff4c775730c14dfa914f971_maintenance-ui-home.png]
[www.pixithq.com/work-order-management.html]
[assets.website-files.com/5fe22b52285ac81c0bafbab6/6046912f5d860f28bd6b7837_pi-mock@2x.png]
[www.pixithq.com/privacy-policy.html]
[d3e54v103j8qbb.cloudfront.net/js/jquery-3.5.1.min.dc5e7f18c8c359.js]
[www.pixithq.com/index.html]
[assets.website-files.com/5fe22b52285ac81c0bafbab6/js/pixit.f278cf449.js]
[assets.website-files.com/5fe22b52285ac81c0bafbab6/60007a10cb1e666dfa03bf16_david-lundgren-1677087-unsplash.jpg]
[assets.website-files.com/5fe22b52285ac81c0bafbab6/css/pixit.c291ede1a.css]
[www.googletagmanager.com/gtm5445.html]
[www.pixithq.com/pricing.html]
[www.pixithq.com/contact.html]
[js.hsforms.net/forms/v2.js]
[www.pixithq.com/blog/lost-and-found-reopening.html]
[assets.website-files.com/5fe2534c285ac85664b04d3f/6011dad677183fb3e04956f5_visual-inventory.png]
[www.pixithq.com/blog/recurring-tasks-covid-best-practices.html]
[assets.website-files.com/5fe2534c285ac85664b04d3f/6011e4c785e9ee5befbdd05c_Screen Shot 2021-01-27 at 3.52.33 PM.png]
[assets.website-files.com/5fe2534c285ac85664b04d3f/6011d9ad956da45935c2bb33_Screen Shot 2021-01-27 at 3.22.35 PM.png]
[www.pixithq.com/blog/maintenance-while-social-distancing.html]
[assets.website-files.com/5fe2534c285ac85664b04d3f/6011d86a8d27d65f8f5d1475_maintenance-submit-requests.png]
[assets.website-files.com/5fe2534c285ac85664b04d3f/6011d75777183fbebe4765e0_Inventory-Claim-Management-1.png]
[www.pixithq.com/blog/let-your-lost-and-found-department-shine.html]
[assets.website-files.com/5fe2534c285ac85664b04d3f/6011d662e10530b850e0fac7_Screen Shot 2021-01-27 at 3.08.36 PM.png]
[www.pixithq.com/blog.html]
[assets.website-files.com/5fe22b52285ac81c0bafbab6/5fff4cb3144f7f20615e7c15_maintenance-hero (1).png]
[assets.website-files.com/5fe22b52285ac81c0bafbab6/5ff7602f781a6f2fca8febda_maintenance-ui-worktickets-1.png]
[assets.website-files.com/5fe22b52285ac81c0bafbab6/5ff760311369b4400fcd0ad4_maintenance-ui-workticket-2.png]
[assets.website-files.com/5fe22b52285ac81c0bafbab6/5ff761365e5e653a018f1f09_maintenance-ui-productivity.png]
[assets.website-files.com/5fe22b52285ac81c0bafbab6/5ff765186a78a704df3b2bd1_maintenance-pricing-1.png]
[assets.website-files.com/5fe22b52285ac81c0bafbab6/5ff7651a7caa8c6adae74d3b_maintenance-pricing-2.png]
[www.pixithq.com/work-order-management.html]
[www.pixithq.com/privacy-policy.html]
[www.pixithq.com/blog/lost-and-found-reopening.html]
[static.hsappstatic.net/MeetingsEmbed/ex/MeetingsEmbedCode.js]
[assets.website-files.com/5fe2534c285ac85664b04d3f/6011da4498583f26ccf0d321_Screen Shot 2021-01-27 at 3.24.26 PM.png]
[www.pixithq.com/blog/recurring-tasks-covid-best-practices.html]
[www.pixithq.com/blog/maintenance-while-social-distancing.html]
[assets.website-files.com/5fe2534c285ac85664b04d3f/6011d64292bf3348c2d910f0_Screen Shot 2021-01-27 at 3.08.07 PM.png]
[assets.website-files.com/5fe2534c285ac85664b04d3f/6011d609af16db4ac6f65a0f_security-home-image.png]
[www.pixithq.com/blog/let-your-lost-and-found-department-shine.html]
[www.pixithq.com/property-claims.html]
[www.pixithq.com/terms.html]
[www.pixithq.com/prohibited-items-form.html]
[www.pixithq.com/blog/recurring-maintenance-tasks-and-calendar-view.html]
[www.pixithq.com/blog/lost-and-found-while-social-distancing.html]
[www.pixithq.com/work-order-management-white-paper.html]
[www.pixithq.com/privacy-policy/support@pixithq.html]
